// Jest Snapshot v1, https://goo.gl/fbAQLP

exports[`Expect homepage to match working snapshot 1`] = `
Array [
  <h3>
    Lets Do Some Math !
  </h3>,
  <div
    className="calculator"
  >
    <div
      className="display"
    >
      <p>
        0
      </p>
    </div>
    <div
      className="row-button"
    >
      <button
        className="button"
        name="AC"
        onClick={[Function]}
        type="button"
      >
        AC
      </button>
      <button
        className="button"
        name="+/-"
        onClick={[Function]}
        type="button"
      >
        +/-
      </button>
      <button
        className="button"
        name="%"
        onClick={[Function]}
        type="button"
      >
        %
      </button>
      <button
        className="button sign"
        name="&#247"
        onClick={[Function]}
        type="button"
      >
        ÷
      </button>
    </div>
    <div
      className="row-button"
    >
      <button
        className="button"
        name="7"
        onClick={[Function]}
        type="button"
      >
        7
      </button>
      <button
        className="button"
        name="8"
        onClick={[Function]}
        type="button"
      >
        8
      </button>
      <button
        className="button"
        name="9"
        onClick={[Function]}
        type="button"
      >
        9
      </button>
      <button
        className="button sign"
        name="x"
        onClick={[Function]}
        type="button"
      >
        x
      </button>
    </div>
    <div
      className="row-button"
    >
      <button
        className="button"
        name="4"
        onClick={[Function]}
        type="button"
      >
        4
      </button>
      <button
        className="button"
        name="5"
        onClick={[Function]}
        type="button"
      >
        5
      </button>
      <button
        className="button"
        name="6"
        onClick={[Function]}
        type="button"
      >
        6
      </button>
      <button
        className="button sign"
        name="-"
        onClick={[Function]}
        type="button"
      >
        -
      </button>
    </div>
    <div
      className="row-button"
    >
      <button
        className="button"
        name="1"
        onClick={[Function]}
        type="button"
      >
        1
      </button>
      <button
        className="button"
        name="2"
        onClick={[Function]}
        type="button"
      >
        2
      </button>
      <button
        className="button"
        name="3"
        onClick={[Function]}
        type="button"
      >
        3
      </button>
      <button
        className="button sign"
        name="+"
        onClick={[Function]}
        type="button"
      >
        +
      </button>
    </div>
    <div
      className="row-button"
    >
      <button
        className="button zero-button"
        name="0"
        onClick={[Function]}
        type="button"
      >
        0
      </button>
      <button
        className="button"
        name="."
        onClick={[Function]}
        type="button"
      >
        .
      </button>
      <button
        className="button sign"
        name="="
        onClick={[Function]}
        type="button"
      >
        =
      </button>
    </div>
  </div>,
]
`;
