// Jest Snapshot v1, https://goo.gl/fbAQLP

exports[`Expect homepage to match working snapshot 1`] = `
<DocumentFragment>
  <div
    class="home-container"
  >
    <h2>
       WelCome to Our Page
    </h2>
    <p>
      We are here to unlock the world of arithmetic for you and provide a dose of math-inspired inspiration. How cool is that? 😉 Brace yourself for some magical math moments as we dive into the realm of numbers and equations. Let’s ignite the spark of curiosity and embark on an extraordinary journey of mathematical wonders!✨✨✨✨✨✨✨✨✨✨✨✨✨✨✨✨✨✨.
    </p>
  </div>
</DocumentFragment>
`;
