// Jest Snapshot v1, https://goo.gl/fbAQLP

exports[`Expect Navbar to match working snapshot 1`] = `
<DocumentFragment>
  <h1>
    Math Magicians
  </h1>
  <nav>
    <ul
      class="navul"
    >
      <li
        class="navlink"
      >
        <a
          class="navlink"
          href="/"
        >
          Home
        </a>
      </li>
      <li
        class="navlink"
      >
        <a
          class="navlink"
          href="/calculator"
        >
          Calculator
        </a>
      </li>
      <li
        class="navlink"
      >
        <a
          class="navlink"
          href="/quote"
        >
          Qoute
        </a>
      </li>
    </ul>
  </nav>
</DocumentFragment>
`;
